[LOG] Starting build script... 
[LOG] Running npm install... 
